<?xml version="1.0" encoding="utf-8"?>
<TestRun id="b8723f1a-5714-4ed9-a7a3-86e30467b5f7" name="promi@TUF-MICHAL 2026-08-08 17:55:39" runUser="TUF-MICHAL\promi" xmlns="http://microsoft.com/schemas/VisualStudio/TeamTest/2010">
  <Times creation="2026-08-08T17:55:39.8615603+02:00" queuing="2026-08-08T17:55:39.8615605+02:00" start="2026-08-08T17:55:38.5895579+02:00" finish="2026-08-08T17:55:39.9416578+02:00" />
  <TestSettings name="default" id="f1f7f603-8d51-4899-b4c5-d507a03ee13e">
    <Deployment runDeploymentRoot="promi_TUF-MICHAL_2026-08-08_17_55_39" />
  </TestSettings>
  <Results>
    <UnitTestResult executionId="b1f8c1fd-aa3b-411c-b01a-7b7d8070823c" testId="6b1bb3c9-6299-ce8c-9310-51167586d578" testName="FolkIdle.Server.Tests.ProgressionRateTests.HowLongARegionTakes(region: 1, weaponAttack: 12, armourDefence: 8)" computerName="TUF-MICHAL" duration="00:00:00.0050384" startTime="2026-08-08T17:55:39.8062884+02:00" endTime="2026-08-08T17:55:39.8062885+02:00" testType="13cdc9d9-ddb5-4fa4-a97d-d965ccfc6d4b" outcome="Passed" testListId="8c84fa94-04c1-424b-9868-57a2d4851a1d" relativeResultsDirectory="b1f8c1fd-aa3b-411c-b01a-7b7d8070823c">
      <Output>
        <StdOut>region 1: health pool        100 hp, armour      8, strongest regular hits       33 net = 16,67 % of the bar per second&#xD;
region 1:   62,2 s/kill,      180 kills,     187 min (3,1 h),        7 124 gold,      0,6 gold/sec</StdOut>
      </Output>
    </UnitTestResult>
    <UnitTestResult executionId="fc17e622-c2f7-4b05-b85e-b5f7c8a80b0b" testId="8d65fc77-a353-d1ae-0c7f-b019583220ae" testName="FolkIdle.Server.Tests.ProgressionRateTests.HowLongARegionTakes(region: 2, weaponAttack: 36, armourDefence: 24)" computerName="TUF-MICHAL" duration="00:00:00.0037197" startTime="2026-08-08T17:55:39.8100480+02:00" endTime="2026-08-08T17:55:39.8100481+02:00" testType="13cdc9d9-ddb5-4fa4-a97d-d965ccfc6d4b" outcome="Passed" testListId="8c84fa94-04c1-424b-9868-57a2d4851a1d" relativeResultsDirectory="fc17e622-c2f7-4b05-b85e-b5f7c8a80b0b">
      <Output>
        <StdOut>region 2: health pool        700 hp, armour     64, strongest regular hits      326 net = 23,29 % of the bar per second&#xD;
region 2:   75,2 s/kill,     1201 kills,    1505 min (25,1 h),      139 588 gold,      1,5 gold/sec</StdOut>
      </Output>
    </UnitTestResult>
    <UnitTestResult executionId="4820da2e-a53c-431c-b14c-5b683c063e22" testId="8b5ceb0f-e5ef-a3e8-d973-275282a30cd3" testName="FolkIdle.Server.Tests.ProgressionRateTests.HowLongARegionTakes(region: 3, weaponAttack: 108, armourDefence: 72)" computerName="TUF-MICHAL" duration="00:00:00.0070597" startTime="2026-08-08T17:55:39.8171770+02:00" endTime="2026-08-08T17:55:39.8171771+02:00" testType="13cdc9d9-ddb5-4fa4-a97d-d965ccfc6d4b" outcome="Passed" testListId="8c84fa94-04c1-424b-9868-57a2d4851a1d" relativeResultsDirectory="4820da2e-a53c-431c-b14c-5b683c063e22">
      <Output>
        <StdOut>region 3: health pool      1 300 hp, armour    152, strongest regular hits    1 477 net = 56,79 % of the bar per second&#xD;
region 3:   79,4 s/kill,     9604 kills,   12705 min (211,8 h),    2 727 448 gold,      3,6 gold/sec</StdOut>
      </Output>
    </UnitTestResult>
    <UnitTestResult executionId="cbcd662b-4bb3-487c-a081-3542dd6d6b50" testId="28a3a68b-0ef2-932f-786f-071c0e9d2809" testName="FolkIdle.Server.Tests.ProgressionRateTests.HowLongARegionTakes(region: 5, weaponAttack: 972, armourDefence: 648)" computerName="TUF-MICHAL" duration="00:00:00.0032231" startTime="2026-08-08T17:55:39.8204575+02:00" endTime="2026-08-08T17:55:39.8204576+02:00" testType="13cdc9d9-ddb5-4fa4-a97d-d965ccfc6d4b" outcome="Passed" testListId="8c84fa94-04c1-424b-9868-57a2d4851a1d" relativeResultsDirectory="cbcd662b-4bb3-487c-a081-3542dd6d6b50">
      <Output>
        <StdOut>region 5: health pool      2 500 hp, armour    808, strongest regular hits   29 134 net = 582,69 % of the bar per second&#xD;
region 5:   69,2 s/kill,   614287 kills,  708107 min (11801,8 h), 1 034 305 269 gold,     24,3 gold/sec</StdOut>
      </Output>
    </UnitTestResult>
    <UnitTestResult executionId="02bd9c52-e6e2-4c82-b7d4-1c95d68c3a5c" testId="528192d7-6747-72da-06f0-036457fe254c" testName="FolkIdle.Server.Tests.ProgressionRateTests.TheProjectionPaysForArmour(monsterId: 91)" computerName="TUF-MICHAL" duration="00:00:00.0035078" startTime="2026-08-08T17:55:39.7977392+02:00" endTime="2026-08-08T17:55:39.7977395+02:00" testType="13cdc9d9-ddb5-4fa4-a97d-d965ccfc6d4b" outcome="Passed" testListId="8c84fa94-04c1-424b-9868-57a2d4851a1d" relativeResultsDirectory="02bd9c52-e6e2-4c82-b7d4-1c95d68c3a5c">
      <Output>
        <StdOut>Field Mouse (armour 10): 142500 vs 190000 milli per swing</StdOut>
      </Output>
    </UnitTestResult>
    <UnitTestResult executionId="92f03639-cb26-4c93-b75d-f4b3cdc262cd" testId="ca4d043d-1ba4-2150-0dc1-7bf96bb846e7" testName="FolkIdle.Server.Tests.ProgressionRateTests.TheProjectionPaysForArmour(monsterId: 106)" computerName="TUF-MICHAL" duration="00:00:00.0628182" startTime="2026-08-08T17:55:39.7871198+02:00" endTime="2026-08-08T17:55:39.7871311+02:00" testType="13cdc9d9-ddb5-4fa4-a97d-d965ccfc6d4b" outcome="Passed" testListId="8c84fa94-04c1-424b-9868-57a2d4851a1d" relativeResultsDirectory="92f03639-cb26-4c93-b75d-f4b3cdc262cd">
      <Output>
        <StdOut>Ice Bat (armour 40): 142500 vs 190000 milli per swing</StdOut>
      </Output>
    </UnitTestResult>
    <UnitTestResult executionId="c9fc7d8e-5e92-4ae5-95be-5e71235d990f" testId="0e1c0d56-f181-d53c-987f-6fb46240d051" testName="FolkIdle.Server.Tests.ProgressionRateTests.ProjectedKillRateMatchesTheLiveOne(monsterId: 92)" computerName="TUF-MICHAL" duration="00:00:00.0159184" startTime="2026-08-08T17:55:39.8666086+02:00" endTime="2026-08-08T17:55:39.8666090+02:00" testType="13cdc9d9-ddb5-4fa4-a97d-d965ccfc6d4b" outcome="Passed" testListId="8c84fa94-04c1-424b-9868-57a2d4851a1d" relativeResultsDirectory="c9fc7d8e-5e92-4ae5-95be-5e71235d990f">
      <Output>
        <StdOut>Horned Rabbit: live 79,7 s/kill over 23 kills in 1834 s, projected 91,7 s/kill</StdOut>
      </Output>
    </UnitTestResult>
    <UnitTestResult executionId="20a8da74-2f1b-4ce3-b005-edcf4781f74f" testId="8aa903dc-f4f8-ec30-7214-ebfc815dc8bf" testName="FolkIdle.Server.Tests.ProgressionRateTests.TheProjectionPaysForArmour(monsterId: 111)" computerName="TUF-MICHAL" duration="00:00:00.0037904" startTime="2026-08-08T17:55:39.7941057+02:00" endTime="2026-08-08T17:55:39.7941062+02:00" testType="13cdc9d9-ddb5-4fa4-a97d-d965ccfc6d4b" outcome="Passed" testListId="8c84fa94-04c1-424b-9868-57a2d4851a1d" relativeResultsDirectory="20a8da74-2f1b-4ce3-b005-edcf4781f74f">
      <Output>
        <StdOut>Grave Ghoul (armour 50): 142500 vs 190000 milli per swing</StdOut>
      </Output>
    </UnitTestResult>
    <UnitTestResult executionId="0739cf74-53e7-44a4-a5ba-81f509bf0d60" testId="9456cfa0-a950-a7e0-f4b0-6552529d2f01" testName="FolkIdle.Server.Tests.ProgressionRateTests.TheProjectionPaysForArmour(monsterId: 96)" computerName="TUF-MICHAL" duration="00:00:00.0040787" startTime="2026-08-08T17:55:39.7902183+02:00" endTime="2026-08-08T17:55:39.7902184+02:00" testType="13cdc9d9-ddb5-4fa4-a97d-d965ccfc6d4b" outcome="Passed" testListId="8c84fa94-04c1-424b-9868-57a2d4851a1d" relativeResultsDirectory="0739cf74-53e7-44a4-a5ba-81f509bf0d60">
      <Output>
        <StdOut>Thorny Vine (armour 20): 142500 vs 190000 milli per swing</StdOut>
      </Output>
    </UnitTestResult>
    <UnitTestResult executionId="e2769446-ddb8-48ee-a5c1-589129461928" testId="b23b2add-7d76-87a7-6b0d-3091d546d776" testName="FolkIdle.Server.Tests.ProgressionRateTests.WhatAnHourOfGoldBuys" computerName="TUF-MICHAL" duration="00:00:00.0038362" startTime="2026-08-08T17:55:39.8793779+02:00" endTime="2026-08-08T17:55:39.8793781+02:00" testType="13cdc9d9-ddb5-4fa4-a97d-d965ccfc6d4b" outcome="Passed" testListId="8c84fa94-04c1-424b-9868-57a2d4851a1d" relativeResultsDirectory="e2769446-ddb8-48ee-a5c1-589129461928">
      <Output>
        <StdOut>reroll gold cost by ITEM rarity tier, first attempt:&#xD;
  tier  1:          100&#xD;
  tier  4:          246&#xD;
  tier  7:          605&#xD;
  tier 10:        1 489&#xD;
  tier 14:        4 946&#xD;
&#xD;
the same reroll after N consecutive attempts (item tier 7):&#xD;
  attempt  0:          605&#xD;
  attempt  5:          605&#xD;
  attempt 10:          605&#xD;
  attempt 20:          605</StdOut>
      </Output>
    </UnitTestResult>
    <UnitTestResult executionId="c3092118-5bb1-4409-b1da-a7221a38ed8f" testId="ec2c5168-8d8c-dc3a-1251-d2994cd20e5b" testName="FolkIdle.Server.Tests.ProgressionRateTests.AnHourDoesNotFinishTheGame" computerName="TUF-MICHAL" duration="00:00:00.0264013" startTime="2026-08-08T17:55:39.8505805+02:00" endTime="2026-08-08T17:55:39.8505806+02:00" testType="13cdc9d9-ddb5-4fa4-a97d-d965ccfc6d4b" outcome="Passed" testListId="8c84fa94-04c1-424b-9868-57a2d4851a1d" relativeResultsDirectory="c3092118-5bb1-4409-b1da-a7221a38ed8f" />
    <UnitTestResult executionId="72b851e3-45f6-4479-bc39-ba27930f45a3" testId="e8d2e54b-e40d-71ec-03d2-a2395cb012c9" testName="FolkIdle.Server.Tests.ProgressionRateTests.TheProjectionPaysForArmour(monsterId: 101)" computerName="TUF-MICHAL" duration="00:00:00.0033463" startTime="2026-08-08T17:55:39.8010753+02:00" endTime="2026-08-08T17:55:39.8010756+02:00" testType="13cdc9d9-ddb5-4fa4-a97d-d965ccfc6d4b" outcome="Passed" testListId="8c84fa94-04c1-424b-9868-57a2d4851a1d" relativeResultsDirectory="72b851e3-45f6-4479-bc39-ba27930f45a3">
      <Output>
        <StdOut>Desert Crab (armour 30): 142500 vs 190000 milli per swing</StdOut>
      </Output>
    </UnitTestResult>
    <UnitTestResult executionId="6d4da663-a472-4e37-abf2-41a1480b9d6a" testId="ae2b426b-43b4-2405-f17e-370ee4cf6ff3" testName="FolkIdle.Server.Tests.ProgressionRateTests.OneHourOfCombatIsMeasured" computerName="TUF-MICHAL" duration="00:00:00.0156489" startTime="2026-08-08T17:55:39.8951368+02:00" endTime="2026-08-08T17:55:39.8951371+02:00" testType="13cdc9d9-ddb5-4fa4-a97d-d965ccfc6d4b" outcome="Passed" testListId="8c84fa94-04c1-424b-9868-57a2d4851a1d" relativeResultsDirectory="6d4da663-a472-4e37-abf2-41a1480b9d6a">
      <Output>
        <StdOut>after 1 hour: level 11, 1 529 gold, 53 kills&#xD;
  Field Mouse x22&#xD;
  Horned Rabbit x31</StdOut>
      </Output>
    </UnitTestResult>
    <UnitTestResult executionId="ddcf52c5-9e80-4fb1-8a4f-619171735d7c" testId="e8cf92f9-5d7b-1dbb-6364-733c720703ef" testName="FolkIdle.Server.Tests.ProgressionRateTests.ProjectedKillRateMatchesTheLiveOne(monsterId: 91)" computerName="TUF-MICHAL" duration="00:00:00.0088107" startTime="2026-08-08T17:55:39.8754683+02:00" endTime="2026-08-08T17:55:39.8754684+02:00" testType="13cdc9d9-ddb5-4fa4-a97d-d965ccfc6d4b" outcome="Passed" testListId="8c84fa94-04c1-424b-9868-57a2d4851a1d" relativeResultsDirectory="ddcf52c5-9e80-4fb1-8a4f-619171735d7c">
      <Output>
        <StdOut>Field Mouse: live 57,9 s/kill over 22 kills in 1273 s, projected 63,7 s/kill</StdOut>
      </Output>
    </UnitTestResult>
    <UnitTestResult executionId="2eba1013-1b79-4b72-9ed8-094b1e75cd25" testId="a91ee6c9-bf0e-b17f-cc0c-a76cf064eb59" testName="FolkIdle.Server.Tests.ProgressionRateTests.TheFirstMonsterTakesAboutSeventyFiveSeconds" computerName="TUF-MICHAL" duration="00:00:00.0054517" startTime="2026-08-08T17:55:39.9007989+02:00" endTime="2026-08-08T17:55:39.9007992+02:00" testType="13cdc9d9-ddb5-4fa4-a97d-d965ccfc6d4b" outcome="Passed" testListId="8c84fa94-04c1-424b-9868-57a2d4851a1d" relativeResultsDirectory="2eba1013-1b79-4b72-9ed8-094b1e75cd25">
      <Output>
        <StdOut>4 Field Mice in 300 s = 75,0 s each, ending at level 2</StdOut>
      </Output>
    </UnitTestResult>
    <UnitTestResult executionId="d7d7d6cd-5834-42b1-92af-6091f49642e2" testId="84078268-bcca-ae9a-9604-0baf3bc4f177" testName="FolkIdle.Server.Tests.ProgressionRateTests.HowLongARegionTakes(region: 4, weaponAttack: 324, armourDefence: 216)" computerName="TUF-MICHAL" duration="00:00:00.0035205" startTime="2026-08-08T17:55:39.8385929+02:00" endTime="2026-08-08T17:55:39.8385930+02:00" testType="13cdc9d9-ddb5-4fa4-a97d-d965ccfc6d4b" outcome="Passed" testListId="8c84fa94-04c1-424b-9868-57a2d4851a1d" relativeResultsDirectory="d7d7d6cd-5834-42b1-92af-6091f49642e2">
      <Output>
        <StdOut>region 4: health pool      1 900 hp, armour    336, strongest regular hits    6 655 net = 175,12 % of the bar per second&#xD;
region 4:   77,3 s/kill,    76748 kills,   98857 min (1647,6 h),   53 148 250 gold,      9,0 gold/sec</StdOut>
      </Output>
    </UnitTestResult>
  </Results>
  <TestDefinitions>
    <UnitTest name="FolkIdle.Server.Tests.ProgressionRateTests.OneHourOfCombatIsMeasured" storage="c:\users\promi\skola2025\idlehra\server\folkidle.server.tests\bin\debug\net8.0\folkidle.server.tests.dll" id="ae2b426b-43b4-2405-f17e-370ee4cf6ff3">
      <Execution id="6d4da663-a472-4e37-abf2-41a1480b9d6a" />
      <TestMethod codeBase="C:\Users\promi\skola2025\IdleHra\server\FolkIdle.Server.Tests\bin\Debug\net8.0\FolkIdle.Server.Tests.dll" adapterTypeName="executor://xunit/VsTestRunner2/netcoreapp" className="FolkIdle.Server.Tests.ProgressionRateTests" name="OneHourOfCombatIsMeasured" />
    </UnitTest>
    <UnitTest name="FolkIdle.Server.Tests.ProgressionRateTests.HowLongARegionTakes(region: 2, weaponAttack: 36, armourDefence: 24)" storage="c:\users\promi\skola2025\idlehra\server\folkidle.server.tests\bin\debug\net8.0\folkidle.server.tests.dll" id="8d65fc77-a353-d1ae-0c7f-b019583220ae">
      <Execution id="fc17e622-c2f7-4b05-b85e-b5f7c8a80b0b" />
      <TestMethod codeBase="C:\Users\promi\skola2025\IdleHra\server\FolkIdle.Server.Tests\bin\Debug\net8.0\FolkIdle.Server.Tests.dll" adapterTypeName="executor://xunit/VsTestRunner2/netcoreapp" className="FolkIdle.Server.Tests.ProgressionRateTests" name="HowLongARegionTakes" />
    </UnitTest>
    <UnitTest name="FolkIdle.Server.Tests.ProgressionRateTests.ProjectedKillRateMatchesTheLiveOne(monsterId: 91)" storage="c:\users\promi\skola2025\idlehra\server\folkidle.server.tests\bin\debug\net8.0\folkidle.server.tests.dll" id="e8cf92f9-5d7b-1dbb-6364-733c720703ef">
      <Execution id="ddcf52c5-9e80-4fb1-8a4f-619171735d7c" />
      <TestMethod codeBase="C:\Users\promi\skola2025\IdleHra\server\FolkIdle.Server.Tests\bin\Debug\net8.0\FolkIdle.Server.Tests.dll" adapterTypeName="executor://xunit/VsTestRunner2/netcoreapp" className="FolkIdle.Server.Tests.ProgressionRateTests" name="ProjectedKillRateMatchesTheLiveOne" />
    </UnitTest>
    <UnitTest name="FolkIdle.Server.Tests.ProgressionRateTests.HowLongARegionTakes(region: 4, weaponAttack: 324, armourDefence: 216)" storage="c:\users\promi\skola2025\idlehra\server\folkidle.server.tests\bin\debug\net8.0\folkidle.server.tests.dll" id="84078268-bcca-ae9a-9604-0baf3bc4f177">
      <Execution id="d7d7d6cd-5834-42b1-92af-6091f49642e2" />
      <TestMethod codeBase="C:\Users\promi\skola2025\IdleHra\server\FolkIdle.Server.Tests\bin\Debug\net8.0\FolkIdle.Server.Tests.dll" adapterTypeName="executor://xunit/VsTestRunner2/netcoreapp" className="FolkIdle.Server.Tests.ProgressionRateTests" name="HowLongARegionTakes" />
    </UnitTest>
    <UnitTest name="FolkIdle.Server.Tests.ProgressionRateTests.HowLongARegionTakes(region: 3, weaponAttack: 108, armourDefence: 72)" storage="c:\users\promi\skola2025\idlehra\server\folkidle.server.tests\bin\debug\net8.0\folkidle.server.tests.dll" id="8b5ceb0f-e5ef-a3e8-d973-275282a30cd3">
      <Execution id="4820da2e-a53c-431c-b14c-5b683c063e22" />
      <TestMethod codeBase="C:\Users\promi\skola2025\IdleHra\server\FolkIdle.Server.Tests\bin\Debug\net8.0\FolkIdle.Server.Tests.dll" adapterTypeName="executor://xunit/VsTestRunner2/netcoreapp" className="FolkIdle.Server.Tests.ProgressionRateTests" name="HowLongARegionTakes" />
    </UnitTest>
    <UnitTest name="FolkIdle.Server.Tests.ProgressionRateTests.TheProjectionPaysForArmour(monsterId: 91)" storage="c:\users\promi\skola2025\idlehra\server\folkidle.server.tests\bin\debug\net8.0\folkidle.server.tests.dll" id="528192d7-6747-72da-06f0-036457fe254c">
      <Execution id="02bd9c52-e6e2-4c82-b7d4-1c95d68c3a5c" />
      <TestMethod codeBase="C:\Users\promi\skola2025\IdleHra\server\FolkIdle.Server.Tests\bin\Debug\net8.0\FolkIdle.Server.Tests.dll" adapterTypeName="executor://xunit/VsTestRunner2/netcoreapp" className="FolkIdle.Server.Tests.ProgressionRateTests" name="TheProjectionPaysForArmour" />
    </UnitTest>
    <UnitTest name="FolkIdle.Server.Tests.ProgressionRateTests.TheProjectionPaysForArmour(monsterId: 96)" storage="c:\users\promi\skola2025\idlehra\server\folkidle.server.tests\bin\debug\net8.0\folkidle.server.tests.dll" id="9456cfa0-a950-a7e0-f4b0-6552529d2f01">
      <Execution id="0739cf74-53e7-44a4-a5ba-81f509bf0d60" />
      <TestMethod codeBase="C:\Users\promi\skola2025\IdleHra\server\FolkIdle.Server.Tests\bin\Debug\net8.0\FolkIdle.Server.Tests.dll" adapterTypeName="executor://xunit/VsTestRunner2/netcoreapp" className="FolkIdle.Server.Tests.ProgressionRateTests" name="TheProjectionPaysForArmour" />
    </UnitTest>
    <UnitTest name="FolkIdle.Server.Tests.ProgressionRateTests.TheProjectionPaysForArmour(monsterId: 101)" storage="c:\users\promi\skola2025\idlehra\server\folkidle.server.tests\bin\debug\net8.0\folkidle.server.tests.dll" id="e8d2e54b-e40d-71ec-03d2-a2395cb012c9">
      <Execution id="72b851e3-45f6-4479-bc39-ba27930f45a3" />
      <TestMethod codeBase="C:\Users\promi\skola2025\IdleHra\server\FolkIdle.Server.Tests\bin\Debug\net8.0\FolkIdle.Server.Tests.dll" adapterTypeName="executor://xunit/VsTestRunner2/netcoreapp" className="FolkIdle.Server.Tests.ProgressionRateTests" name="TheProjectionPaysForArmour" />
    </UnitTest>
    <UnitTest name="FolkIdle.Server.Tests.ProgressionRateTests.TheProjectionPaysForArmour(monsterId: 106)" storage="c:\users\promi\skola2025\idlehra\server\folkidle.server.tests\bin\debug\net8.0\folkidle.server.tests.dll" id="ca4d043d-1ba4-2150-0dc1-7bf96bb846e7">
      <Execution id="92f03639-cb26-4c93-b75d-f4b3cdc262cd" />
      <TestMethod codeBase="C:\Users\promi\skola2025\IdleHra\server\FolkIdle.Server.Tests\bin\Debug\net8.0\FolkIdle.Server.Tests.dll" adapterTypeName="executor://xunit/VsTestRunner2/netcoreapp" className="FolkIdle.Server.Tests.ProgressionRateTests" name="TheProjectionPaysForArmour" />
    </UnitTest>
    <UnitTest name="FolkIdle.Server.Tests.ProgressionRateTests.HowLongARegionTakes(region: 1, weaponAttack: 12, armourDefence: 8)" storage="c:\users\promi\skola2025\idlehra\server\folkidle.server.tests\bin\debug\net8.0\folkidle.server.tests.dll" id="6b1bb3c9-6299-ce8c-9310-51167586d578">
      <Execution id="b1f8c1fd-aa3b-411c-b01a-7b7d8070823c" />
      <TestMethod codeBase="C:\Users\promi\skola2025\IdleHra\server\FolkIdle.Server.Tests\bin\Debug\net8.0\FolkIdle.Server.Tests.dll" adapterTypeName="executor://xunit/VsTestRunner2/netcoreapp" className="FolkIdle.Server.Tests.ProgressionRateTests" name="HowLongARegionTakes" />
    </UnitTest>
    <UnitTest name="FolkIdle.Server.Tests.ProgressionRateTests.TheProjectionPaysForArmour(monsterId: 111)" storage="c:\users\promi\skola2025\idlehra\server\folkidle.server.tests\bin\debug\net8.0\folkidle.server.tests.dll" id="8aa903dc-f4f8-ec30-7214-ebfc815dc8bf">
      <Execution id="20a8da74-2f1b-4ce3-b005-edcf4781f74f" />
      <TestMethod codeBase="C:\Users\promi\skola2025\IdleHra\server\FolkIdle.Server.Tests\bin\Debug\net8.0\FolkIdle.Server.Tests.dll" adapterTypeName="executor://xunit/VsTestRunner2/netcoreapp" className="FolkIdle.Server.Tests.ProgressionRateTests" name="TheProjectionPaysForArmour" />
    </UnitTest>
    <UnitTest name="FolkIdle.Server.Tests.ProgressionRateTests.HowLongARegionTakes(region: 5, weaponAttack: 972, armourDefence: 648)" storage="c:\users\promi\skola2025\idlehra\server\folkidle.server.tests\bin\debug\net8.0\folkidle.server.tests.dll" id="28a3a68b-0ef2-932f-786f-071c0e9d2809">
      <Execution id="cbcd662b-4bb3-487c-a081-3542dd6d6b50" />
      <TestMethod codeBase="C:\Users\promi\skola2025\IdleHra\server\FolkIdle.Server.Tests\bin\Debug\net8.0\FolkIdle.Server.Tests.dll" adapterTypeName="executor://xunit/VsTestRunner2/netcoreapp" className="FolkIdle.Server.Tests.ProgressionRateTests" name="HowLongARegionTakes" />
    </UnitTest>
    <UnitTest name="FolkIdle.Server.Tests.ProgressionRateTests.ProjectedKillRateMatchesTheLiveOne(monsterId: 92)" storage="c:\users\promi\skola2025\idlehra\server\folkidle.server.tests\bin\debug\net8.0\folkidle.server.tests.dll" id="0e1c0d56-f181-d53c-987f-6fb46240d051">
      <Execution id="c9fc7d8e-5e92-4ae5-95be-5e71235d990f" />
      <TestMethod codeBase="C:\Users\promi\skola2025\IdleHra\server\FolkIdle.Server.Tests\bin\Debug\net8.0\FolkIdle.Server.Tests.dll" adapterTypeName="executor://xunit/VsTestRunner2/netcoreapp" className="FolkIdle.Server.Tests.ProgressionRateTests" name="ProjectedKillRateMatchesTheLiveOne" />
    </UnitTest>
    <UnitTest name="FolkIdle.Server.Tests.ProgressionRateTests.AnHourDoesNotFinishTheGame" storage="c:\users\promi\skola2025\idlehra\server\folkidle.server.tests\bin\debug\net8.0\folkidle.server.tests.dll" id="ec2c5168-8d8c-dc3a-1251-d2994cd20e5b">
      <Execution id="c3092118-5bb1-4409-b1da-a7221a38ed8f" />
      <TestMethod codeBase="C:\Users\promi\skola2025\IdleHra\server\FolkIdle.Server.Tests\bin\Debug\net8.0\FolkIdle.Server.Tests.dll" adapterTypeName="executor://xunit/VsTestRunner2/netcoreapp" className="FolkIdle.Server.Tests.ProgressionRateTests" name="AnHourDoesNotFinishTheGame" />
    </UnitTest>
    <UnitTest name="FolkIdle.Server.Tests.ProgressionRateTests.TheFirstMonsterTakesAboutSeventyFiveSeconds" storage="c:\users\promi\skola2025\idlehra\server\folkidle.server.tests\bin\debug\net8.0\folkidle.server.tests.dll" id="a91ee6c9-bf0e-b17f-cc0c-a76cf064eb59">
      <Execution id="2eba1013-1b79-4b72-9ed8-094b1e75cd25" />
      <TestMethod codeBase="C:\Users\promi\skola2025\IdleHra\server\FolkIdle.Server.Tests\bin\Debug\net8.0\FolkIdle.Server.Tests.dll" adapterTypeName="executor://xunit/VsTestRunner2/netcoreapp" className="FolkIdle.Server.Tests.ProgressionRateTests" name="TheFirstMonsterTakesAboutSeventyFiveSeconds" />
    </UnitTest>
    <UnitTest name="FolkIdle.Server.Tests.ProgressionRateTests.WhatAnHourOfGoldBuys" storage="c:\users\promi\skola2025\idlehra\server\folkidle.server.tests\bin\debug\net8.0\folkidle.server.tests.dll" id="b23b2add-7d76-87a7-6b0d-3091d546d776">
      <Execution id="e2769446-ddb8-48ee-a5c1-589129461928" />
      <TestMethod codeBase="C:\Users\promi\skola2025\IdleHra\server\FolkIdle.Server.Tests\bin\Debug\net8.0\FolkIdle.Server.Tests.dll" adapterTypeName="executor://xunit/VsTestRunner2/netcoreapp" className="FolkIdle.Server.Tests.ProgressionRateTests" name="WhatAnHourOfGoldBuys" />
    </UnitTest>
  </TestDefinitions>
  <TestEntries>
    <TestEntry testId="6b1bb3c9-6299-ce8c-9310-51167586d578" executionId="b1f8c1fd-aa3b-411c-b01a-7b7d8070823c" testListId="8c84fa94-04c1-424b-9868-57a2d4851a1d" />
    <TestEntry testId="8d65fc77-a353-d1ae-0c7f-b019583220ae" executionId="fc17e622-c2f7-4b05-b85e-b5f7c8a80b0b" testListId="8c84fa94-04c1-424b-9868-57a2d4851a1d" />
    <TestEntry testId="8b5ceb0f-e5ef-a3e8-d973-275282a30cd3" executionId="4820da2e-a53c-431c-b14c-5b683c063e22" testListId="8c84fa94-04c1-424b-9868-57a2d4851a1d" />
    <TestEntry testId="28a3a68b-0ef2-932f-786f-071c0e9d2809" executionId="cbcd662b-4bb3-487c-a081-3542dd6d6b50" testListId="8c84fa94-04c1-424b-9868-57a2d4851a1d" />
    <TestEntry testId="528192d7-6747-72da-06f0-036457fe254c" executionId="02bd9c52-e6e2-4c82-b7d4-1c95d68c3a5c" testListId="8c84fa94-04c1-424b-9868-57a2d4851a1d" />
    <TestEntry testId="ca4d043d-1ba4-2150-0dc1-7bf96bb846e7" executionId="92f03639-cb26-4c93-b75d-f4b3cdc262cd" testListId="8c84fa94-04c1-424b-9868-57a2d4851a1d" />
    <TestEntry testId="0e1c0d56-f181-d53c-987f-6fb46240d051" executionId="c9fc7d8e-5e92-4ae5-95be-5e71235d990f" testListId="8c84fa94-04c1-424b-9868-57a2d4851a1d" />
    <TestEntry testId="8aa903dc-f4f8-ec30-7214-ebfc815dc8bf" executionId="20a8da74-2f1b-4ce3-b005-edcf4781f74f" testListId="8c84fa94-04c1-424b-9868-57a2d4851a1d" />
    <TestEntry testId="9456cfa0-a950-a7e0-f4b0-6552529d2f01" executionId="0739cf74-53e7-44a4-a5ba-81f509bf0d60" testListId="8c84fa94-04c1-424b-9868-57a2d4851a1d" />
    <TestEntry testId="b23b2add-7d76-87a7-6b0d-3091d546d776" executionId="e2769446-ddb8-48ee-a5c1-589129461928" testListId="8c84fa94-04c1-424b-9868-57a2d4851a1d" />
    <TestEntry testId="ec2c5168-8d8c-dc3a-1251-d2994cd20e5b" executionId="c3092118-5bb1-4409-b1da-a7221a38ed8f" testListId="8c84fa94-04c1-424b-9868-57a2d4851a1d" />
    <TestEntry testId="e8d2e54b-e40d-71ec-03d2-a2395cb012c9" executionId="72b851e3-45f6-4479-bc39-ba27930f45a3" testListId="8c84fa94-04c1-424b-9868-57a2d4851a1d" />
    <TestEntry testId="ae2b426b-43b4-2405-f17e-370ee4cf6ff3" executionId="6d4da663-a472-4e37-abf2-41a1480b9d6a" testListId="8c84fa94-04c1-424b-9868-57a2d4851a1d" />
    <TestEntry testId="e8cf92f9-5d7b-1dbb-6364-733c720703ef" executionId="ddcf52c5-9e80-4fb1-8a4f-619171735d7c" testListId="8c84fa94-04c1-424b-9868-57a2d4851a1d" />
    <TestEntry testId="a91ee6c9-bf0e-b17f-cc0c-a76cf064eb59" executionId="2eba1013-1b79-4b72-9ed8-094b1e75cd25" testListId="8c84fa94-04c1-424b-9868-57a2d4851a1d" />
    <TestEntry testId="84078268-bcca-ae9a-9604-0baf3bc4f177" executionId="d7d7d6cd-5834-42b1-92af-6091f49642e2" testListId="8c84fa94-04c1-424b-9868-57a2d4851a1d" />
  </TestEntries>
  <TestLists>
    <TestList name="Výsledky neuvedené v seznamu" id="8c84fa94-04c1-424b-9868-57a2d4851a1d" />
    <TestList name="Všechny načtené výsledky" id="19431567-8539-422a-85d7-44ee4e166bda" />
  </TestLists>
  <ResultSummary outcome="Completed">
    <Counters total="16" executed="16" passed="16" failed="0" error="0" timeout="0" aborted="0" inconclusive="0" passedButRunAborted="0" notRunnable="0" notExecuted="0" disconnected="0" warning="0" completed="0" inProgress="0" pending="0" />
    <Output>
      <StdOut>[xUnit.net 00:00:00.00] xUnit.net VSTest Adapter v2.5.3.1+6b60a9e56a (64-bit .NET 8.0.14)&#xD;
[xUnit.net 00:00:00.21]   Discovering: FolkIdle.Server.Tests&#xD;
[xUnit.net 00:00:00.27]   Discovered:  FolkIdle.Server.Tests&#xD;
[xUnit.net 00:00:00.27]   Starting:    FolkIdle.Server.Tests&#xD;
[xUnit.net 00:00:00.48]   Finished:    FolkIdle.Server.Tests&#xD;
</StdOut>
    </Output>
  </ResultSummary>
</TestRun>